// Jest Snapshot v1, https://goo.gl/fbAQLP

exports[`<Button /> should render the colors correctly 1`] = `
<main
  class="styles__Wrapper-sc-1bfa5f6-0"
>
  <h1>
    Button
  </h1>
</main>
`;
